<object-stream>
<org.drools.audit.event.ActivationLogEvent>
  <type>4</type>
  <activationId>Global View [1]</activationId>
  <rule>Global View</rule>
  <declarations>dc=gridpoc.drools.DataContext@36f7b10b(1)</declarations>
</org.drools.audit.event.ActivationLogEvent>
<org.drools.audit.event.ObjectLogEvent>
  <type>1</type>
  <factId>1</factId>
  <objectToString>gridpoc.drools.DataContext@36f7b10b</objectToString>
</org.drools.audit.event.ObjectLogEvent>
<org.drools.audit.event.ActivationLogEvent>
  <type>6</type>
  <activationId>Global View [1]</activationId>
  <rule>Global View</rule>
  <declarations>dc=gridpoc.drools.DataContext@36f7b10b(1)</declarations>
</org.drools.audit.event.ActivationLogEvent>
<org.drools.audit.event.ActivationLogEvent>
  <type>7</type>
  <activationId>Global View [1]</activationId>
  <rule>Global View</rule>
  <declarations>dc=gridpoc.drools.DataContext@36f7b10b(1)</declarations>
</org.drools.audit.event.ActivationLogEvent>
</object-stream>
